[gmpg.org/xfn/11.html]
[backblue.gif]
[fade.gif]
[index.html]
[localhost/blogs/iLatish/feed/index.html]
[localhost/blogs/iLatish/comments/feed/index.html]
[localhost/blogs/iLatish/wp-includes/js/jquery/jquery.minf43b.js]
[localhost/blogs/iLatish/wp-includes/js/jquery/jquery-migrate.min5589.js]
[localhost/blogs/iLatish/wp-content/themes/twentyfifteen/js/functions4705.js]
[localhost/blogs/iLatish/xmlrpc0db0.php]
[localhost/blogs/iLatish/wp-json/index.html]
[www.latish-sherigar.com/blogs/iLatish/wp-content/uploads/2017/12/auqarium_filter2.jpg]
[www.latish-sherigar.com/blogs/iLatish/wp-content/uploads/2017/12/auqarium_filter2-300x225.jpg]
[www.latish-sherigar.com/blogs/iLatish/wp-content/uploads/2017/12/auqarium_filter1.d.delayed]
[www.latish-sherigar.com/blogs/iLatish/wp-content/uploads/2017/12/auqarium_filter1-300x225.jpg]
[www.latish-sherigar.com/blogs/iLatish/wp-content/uploads/2015/07/apj_facebook_like.png]
[www.latish-sherigar.com/blogs/iLatish/wp-content/uploads/2014/10/misleading_hp_ad.png]
[www.latish-sherigar.com/blogs/iLatish/wp-content/uploads/2014/10/misleading_hp_ad-151x300.png]
[localhost/blogs/iLatish/index.html]
[gmpg.org/xfn/default.css]
[gmpg.org/xfn/.html]
[gmpg.org/xfn/intro.html]
[gmpg.org/xfn/faq.html]
[gmpg.org/xfn/11.html]
[localhost/blogs/iLatish/xmlrpc.php]
[localhost/blogs/iLatish/wp-json/wp/v2/posts/173.json]
[localhost/blogs/iLatish/wp-json/oembed/1.0/embed02e0.json]
[localhost/blogs/iLatish/wp-json/oembed/1.0/embeda13f]
[localhost/blogs/iLatish/wp-includes/js/comment-reply.min1e39.js]
[localhost/blogs/iLatish/solving-a-problem/index.html]
[localhost/blogs/iLatish/wp-json/wp/v2/posts/169.json]
[localhost/blogs/iLatish/wp-json/oembed/1.0/embed2037.json]
[localhost/blogs/iLatish/wp-json/oembed/1.0/embed32e6]
[localhost/blogs/iLatish/balance/index.html]
[localhost/blogs/iLatish/wp-json/wp/v2/posts/166.json]
[localhost/blogs/iLatish/wp-json/oembed/1.0/embedbabe.json]
[localhost/blogs/iLatish/wp-json/oembed/1.0/embed427e]
[localhost/blogs/iLatish/pathi-patni-aur-woh-reloaded/index.html]
[localhost/blogs/iLatish/wp-json/wp/v2/posts/164.json]
[localhost/blogs/iLatish/wp-json/oembed/1.0/embed909b.json]
[localhost/blogs/iLatish/wp-json/oembed/1.0/embed7765]
[localhost/blogs/iLatish/religion/index.html]
[localhost/blogs/iLatish/wp-json/wp/v2/posts/159.json]
[localhost/blogs/iLatish/wp-json/oembed/1.0/embeda5e0.json]
[localhost/blogs/iLatish/solving-a-problem/feed/index.html]
[localhost/blogs/iLatish/wp-json/oembed/1.0/embed1cd1]
[localhost/blogs/iLatish/my-customized-aquarium-top-filter-setup/index.html]
[localhost/blogs/iLatish/2021/04/index.html]
[localhost/blogs/iLatish/2020/05/index.html]
[localhost/blogs/iLatish/balance/feed/index.html]
[localhost/blogs/iLatish/pathi-patni-aur-woh-reloaded/feed/index.html]
[localhost/blogs/iLatish/2019/12/index.html]
[localhost/blogs/iLatish/2019/09/index.html]
[localhost/blogs/iLatish/2017/12/index.html]
[localhost/blogs/iLatish/religion/feed/index.html]
[localhost/blogs/iLatish/2015/07/index.html]
[localhost/blogs/iLatish/my-customized-aquarium-top-filter-setup/feed/index.html]
[localhost/blogs/iLatish/2014/10/index.html]
[localhost/blogs/iLatish/2013/09/index.html]
[localhost/blogs/iLatish/2013/02/index.html]
[localhost/blogs/iLatish/2012/04/index.html]
[localhost/blogs/iLatish/2012/01/index.html]
[localhost/blogs/iLatish/2011/12/index.html]
[localhost/blogs/iLatish/2011/11/index.html]
[localhost/blogs/iLatish/2011/10/index.html]
[localhost/blogs/iLatish/2010/12/index.html]
[localhost/blogs/iLatish/2010/10/index.html]
[www.latish-sherigar.com/img/chetanSymboisis.jpg]
[localhost/blogs/iLatish/2010/05/index.html]
[localhost/blogs/iLatish/2010/01/index.html]
[localhost/blogs/iLatish/2009/12/index.html]
[localhost/blogs/iLatish/2009/09/index.html]
[localhost/blogs/iLatish/2009/08/index.html]
[localhost/blogs/iLatish/2009/07/index.html]
[localhost/blogs/iLatish/2008/12/index.html]
[www.latish-sherigar.com/img/pressure_managers.png]
[localhost/blogs/iLatish/2008/09/index.html]
[localhost/blogs/iLatish/2008/07/index.html]
[localhost/blogs/iLatish/2008/06/index.html]
[imgs.xkcd.com/comics/angular_momentum.2c.delayed]
[www.latish-sherigar.com/img/giveindia_ord_better-world1.jpg]
[localhost/blogs/iLatish/2008/05/index.html]
[localhost/blogs/iLatish/2008/04/index.html]
[localhost/blogs/iLatish/2008/03/index.html]
[bp2.blogger.com/_mw51ZTNRTiM/R7Zq1qzYDzI/AAAAAAAAAac/Mr5csbEXkGw/s1600-h/Today's+Menu.html]
[1.bp.blogspot.com/_mw51ZTNRTiM/R7Zq1qzYDzI/AAAAAAAAAac/Mr5csbEXkGw/s320/Today's Menu.jpg]
[localhost/blogs/iLatish/2008/02/index.html]
[bp2.blogger.com/_mw51ZTNRTiM/R17aquiY_3I/AAAAAAAAAYc/DaEtq9Y9QuI/s1600-h/never_give_up.html]
[1.bp.blogspot.com/_mw51ZTNRTiM/R17aquiY_3I/AAAAAAAAAYc/DaEtq9Y9QuI/s320/never_give_up.jpg]
[localhost/blogs/iLatish/2007/12/index.html]
[bp1.blogger.com/_mw51ZTNRTiM/RzRxLOHrmII/AAAAAAAAAYU/dzUrKupgCiM/s1600-h/deepavali.html]
[1.bp.blogspot.com/_mw51ZTNRTiM/RzRxLOHrmII/AAAAAAAAAYU/dzUrKupgCiM/s320/deepavali.jpg]
[bp2.blogger.com/_mw51ZTNRTiM/Ry39xSJiMqI/AAAAAAAAAYM/Ta6evLqxCjA/s1600-h/img-wallpapers-religion-wallpaper-gruzz-3470.html]
[localhost/blogs/iLatish/2007/11/index.html]
[1.bp.blogspot.com/_mw51ZTNRTiM/Ry39xSJiMqI/AAAAAAAAAYM/Ta6evLqxCjA/s320/img-wallpapers-religion-wallpaper-gruzz-3470.jpg]
[bp1.blogger.com/_mw51ZTNRTiM/RvTlFnLV85I/AAAAAAAAAW8/Q8d8By8EGmo/s1600-h/ShowLetter_006.html]
[1.bp.blogspot.com/_mw51ZTNRTiM/RvTlFnLV85I/AAAAAAAAAW8/Q8d8By8EGmo/s320/ShowLetter_006.jpeg]
[bp2.blogger.com/_mw51ZTNRTiM/RvTlF3LV86I/AAAAAAAAAXE/_3az1Oowjoc/s1600-h/ShowLetter_007.html]
[1.bp.blogspot.com/_mw51ZTNRTiM/RvTlF3LV86I/AAAAAAAAAXE/_3az1Oowjoc/s320/ShowLetter_007.jpeg]
[bp2.blogger.com/_mw51ZTNRTiM/RvTlF3LV87I/AAAAAAAAAXM/W0cErC-0AcA/s1600-h/ShowLetter_008.html]
[1.bp.blogspot.com/_mw51ZTNRTiM/RvTlF3LV87I/AAAAAAAAAXM/W0cErC-0AcA/s320/ShowLetter_008.jpeg]
[bp3.blogger.com/_mw51ZTNRTiM/RvTlGHLV88I/AAAAAAAAAXU/l_2nlDCN1CU/s1600-h/ShowLetter_009.html]
[1.bp.blogspot.com/_mw51ZTNRTiM/RvTlGHLV88I/AAAAAAAAAXU/l_2nlDCN1CU/s320/ShowLetter_009.jpeg]
[bp3.blogger.com/_mw51ZTNRTiM/RvTkVHLV80I/AAAAAAAAAWU/yE2VjOE6CyE/s1600-h/ShowLetter.html]
[1.bp.blogspot.com/_mw51ZTNRTiM/RvTkVHLV80I/AAAAAAAAAWU/yE2VjOE6CyE/s320/ShowLetter.jpeg]
[bp3.blogger.com/_mw51ZTNRTiM/RvTkVHLV81I/AAAAAAAAAWc/qYhqsDmiv_I/s1600-h/ShowLetter_002.html]
[1.bp.blogspot.com/_mw51ZTNRTiM/RvTkVHLV81I/AAAAAAAAAWc/qYhqsDmiv_I/s320/ShowLetter_002.jpeg]
[bp0.blogger.com/_mw51ZTNRTiM/RvTkVXLV82I/AAAAAAAAAWk/_uh2HR1TtRk/s1600-h/ShowLetter_003.html]
[1.bp.blogspot.com/_mw51ZTNRTiM/RvTkVXLV82I/AAAAAAAAAWk/_uh2HR1TtRk/s320/ShowLetter_003.jpeg]
[bp0.blogger.com/_mw51ZTNRTiM/RvTkVXLV83I/AAAAAAAAAWs/ijLbO7YJFK4/s1600-h/ShowLetter_004.html]
[1.bp.blogspot.com/_mw51ZTNRTiM/RvTkVXLV83I/AAAAAAAAAWs/ijLbO7YJFK4/s320/ShowLetter_004.jpeg]
[bp1.blogger.com/_mw51ZTNRTiM/RvTkVnLV84I/AAAAAAAAAW0/D_WiRk00esQ/s1600-h/ShowLetter_005.html]
[1.bp.blogspot.com/_mw51ZTNRTiM/RvTkVnLV84I/AAAAAAAAAW0/D_WiRk00esQ/s320/ShowLetter_005.jpeg]
[localhost/blogs/iLatish/2007/09/index.html]
[bp2.blogger.com/_mw51ZTNRTiM/RrdO8MDRK7I/AAAAAAAAAJM/wJZeviari3Y/s1600-h/Screenshot-http_--www.dnaindia.com+-+DNA+-+Daily+News+&+Analysis+-+Poll+result+-+Mozilla+Firefox.html]
[localhost/blogs/iLatish/2007/08/index.html]
[localhost/blogs/iLatish/2007/07/index.html]
[1.bp.blogspot.com/_mw51ZTNRTiM/RrdO8MDRK7I/AAAAAAAAAJM/wJZeviari3Y/s320/Screenshot-http_--www.dnaindia.com - DNA - Daily News & Analysis - Poll result - Mozilla Firefox.png]
[bp1.blogger.com/_mw51ZTNRTiM/RpjmHV12mVI/AAAAAAAAAI4/Iv3edsbqZfc/s1600-h/calvin_war_peace.html]
[1.bp.blogspot.com/_mw51ZTNRTiM/RpjmHV12mVI/AAAAAAAAAI4/Iv3edsbqZfc/s320/calvin_war_peace.jpg]
[localhost/blogs/iLatish/2007/05/index.html]
[localhost/blogs/iLatish/2007/04/index.html]
[bp0.blogger.com/_mw51ZTNRTiM/Rpje7F12mUI/AAAAAAAAAIw/EW9RfA3gFp8/s1600-h/iphone.html]
[1.bp.blogspot.com/_mw51ZTNRTiM/Rpje7F12mUI/AAAAAAAAAIw/EW9RfA3gFp8/s320/iphone.jpg]
[localhost/blogs/iLatish/2007/01/index.html]
[bp3.blogger.com/_mw51ZTNRTiM/RZZrKGc3FJI/AAAAAAAAAAM/2o44O3yhgUY/s1600-h/ganesh01.html]
[localhost/blogs/iLatish/2006/12/index.html]
[1.bp.blogspot.com/_mw51ZTNRTiM/RZZrKGc3FJI/AAAAAAAAAAM/2o44O3yhgUY/s320/ganesh01.gif]
[localhost/blogs/iLatish/wp-json/wp/v2/posts/153.json]
[localhost/blogs/iLatish/why-i-dont-always-like-a-facebook-like/feed/index.html]
[localhost/blogs/iLatish/wp-json/oembed/1.0/embed43f9.json]
[localhost/blogs/iLatish/wp-json/oembed/1.0/embed7d4d]
[localhost/blogs/iLatish/why-i-dont-always-like-a-facebook-like/index.html]
[localhost/blogs/iLatish/wp-json/wp/v2/posts/150.json]
[localhost/blogs/iLatish/something-at-stake/feed/index.html]
[localhost/blogs/iLatish/wp-json/oembed/1.0/embed3136.json]
[localhost/blogs/iLatish/wp-json/oembed/1.0/embed9393]
[localhost/blogs/iLatish/something-at-stake/index.html]
[localhost/blogs/iLatish/wp-json/wp/v2/posts/146.json]
[localhost/blogs/iLatish/misleading-ad-about-hp-laptop-upgrade/feed/index.html]
[localhost/blogs/iLatish/wp-json/oembed/1.0/embed0074.json]
[localhost/blogs/iLatish/wp-json/oembed/1.0/embedf87c]
[localhost/blogs/iLatish/misleading-ad-about-hp-laptop-upgrade/index.html]
[localhost/blogs/iLatish/wp-json/wp/v2/posts/136.json]
[localhost/blogs/iLatish/instant-gratification-and-genxyz/feed/index.html]
[localhost/blogs/iLatish/wp-json/oembed/1.0/embede57b.json]
[localhost/blogs/iLatish/wp-json/oembed/1.0/embeda091]
[localhost/blogs/iLatish/instant-gratification-and-genxyz/index.html]
[localhost/blogs/iLatish/wp-json/wp/v2/posts/131.json]
[localhost/blogs/iLatish/andriod-future-versions/feed/index.html]
[localhost/blogs/iLatish/wp-json/oembed/1.0/embed93e8.json]
[localhost/blogs/iLatish/wp-json/oembed/1.0/embedd9d3]
[localhost/blogs/iLatish/andriod-future-versions/index.html]
[localhost/blogs/iLatish/page/2/index.html]
[localhost/blogs/iLatish/page/6/index.html]
[gmpg.org/xfn/.html]
[gmpg.org/xfn/intro.html]
[gmpg.org/xfn/faq.html]
[localhost/blogs/iLatish/indexec4a.html]
[localhost/blogs/iLatish/wp-json/wp/v2/users/1.json]
[localhost/blogs/iLatish/author/latish/index.html]
[localhost/blogs/iLatish/author/latish/feed/index.html]
[localhost/blogs/iLatish/indexff23.html]
[localhost/blogs/iLatish/index8e01.html]
[localhost/blogs/iLatish/index7760.html]
[localhost/blogs/iLatish/indexb950.html]
[localhost/blogs/iLatish/wp-json/wp/v2/posts/125.json]
[localhost/blogs/iLatish/wp-json/oembed/1.0/embed5f61.json]
[localhost/blogs/iLatish/if-some-companies-sold-bhelpuri/feed/index.html]
[localhost/blogs/iLatish/if-some-companies-sold-bhelpuri/index.html]
[localhost/blogs/iLatish/wp-json/oembed/1.0/embed9787]
[localhost/blogs/iLatish/wp-json/wp/v2/posts/115.json]
[localhost/blogs/iLatish/pati-patni-aur-woh/feed/index.html]
[localhost/blogs/iLatish/wp-json/oembed/1.0/embed3cda.json]
[localhost/blogs/iLatish/wp-json/oembed/1.0/embedafe7]
[localhost/blogs/iLatish/pati-patni-aur-woh/index.html]
[localhost/blogs/iLatish/wp-json/wp/v2/posts/109.json]
[localhost/blogs/iLatish/god-and-the-queues/feed/index.html]
[localhost/blogs/iLatish/wp-json/oembed/1.0/embed6c0e.json]
[localhost/blogs/iLatish/wp-json/oembed/1.0/embedf908]
[localhost/blogs/iLatish/god-and-the-queues/index.html]
[localhost/blogs/iLatish/wp-json/wp/v2/posts/103.json]
[localhost/blogs/iLatish/new-year/feed/index.html]
[localhost/blogs/iLatish/wp-json/oembed/1.0/embed3ee2.json]
[localhost/blogs/iLatish/wp-json/oembed/1.0/embedabcd]
[localhost/blogs/iLatish/new-year/index.html]
[localhost/blogs/iLatish/wp-json/wp/v2/posts/97.json]
[localhost/blogs/iLatish/why-facebook-resembles-a-overprotective-mother/feed/index.html]
[localhost/blogs/iLatish/wp-json/oembed/1.0/embedbda0.json]
[localhost/blogs/iLatish/wp-json/oembed/1.0/embed807b]
[localhost/blogs/iLatish/why-facebook-resembles-a-overprotective-mother/index.html]
[localhost/blogs/iLatish/wp-json/wp/v2/posts/93.json]
[localhost/blogs/iLatish/my-cd-lamp/feed/index.html]
[localhost/blogs/iLatish/wp-json/oembed/1.0/embed7cf2.json]
[localhost/blogs/iLatish/wp-json/oembed/1.0/embed97a1]
[localhost/blogs/iLatish/my-cd-lamp/index.html]
[localhost/blogs/iLatish/wp-json/wp/v2/posts/86.json]
[localhost/blogs/iLatish/customer-service-sbi-istyle/feed/index.html]
[localhost/blogs/iLatish/wp-json/oembed/1.0/embed08de.json]
[localhost/blogs/iLatish/wp-json/oembed/1.0/embed539c]
[localhost/blogs/iLatish/customer-service-sbi-istyle/index.html]
[localhost/blogs/iLatish/wp-json/wp/v2/posts/79.json]
[localhost/blogs/iLatish/wp-json/oembed/1.0/embede045.json]
[localhost/blogs/iLatish/googles-love-for-microsoft/feed/index.html]
[localhost/blogs/iLatish/wp-json/oembed/1.0/embedb6e4]
[localhost/blogs/iLatish/googles-love-for-microsoft/index.html]
[localhost/blogs/iLatish/wp-json/wp/v2/posts/75.json]
[localhost/blogs/iLatish/blood-group-repository/feed/index.html]
[localhost/blogs/iLatish/wp-json/oembed/1.0/embed547b.json]
[localhost/blogs/iLatish/wp-json/oembed/1.0/embedba8f]
[localhost/blogs/iLatish/blood-group-repository/index.html]
[localhost/blogs/iLatish/wp-json/wp/v2/posts/72.json]
[localhost/blogs/iLatish/fitting-in-the-mould/feed/index.html]
[localhost/blogs/iLatish/wp-json/oembed/1.0/embedb298.json]
[localhost/blogs/iLatish/wp-json/oembed/1.0/embeda041]
[localhost/blogs/iLatish/fitting-in-the-mould/index.html]
[localhost/blogs/iLatish/wp-json/wp/v2/posts/69.json]
[localhost/blogs/iLatish/wp-json/oembed/1.0/embedd616.json]
[localhost/blogs/iLatish/chetan-bhagats-speech-at-symbiosis/feed/index.html]
[localhost/blogs/iLatish/wp-json/oembed/1.0/embed7a35]
[localhost/blogs/iLatish/chetan-bhagats-speech-at-symbiosis/index.html]
[localhost/blogs/iLatish/wp-json/wp/v2/posts/67.json]
[localhost/blogs/iLatish/wp-json/oembed/1.0/embedeed2.json]
[localhost/blogs/iLatish/paisa-re-paisa/feed/index.html]
[localhost/blogs/iLatish/wp-json/oembed/1.0/embed21de]
[localhost/blogs/iLatish/paisa-re-paisa/index.html]
[localhost/blogs/iLatish/wp-json/wp/v2/posts/63.json]
[localhost/blogs/iLatish/wp-json/oembed/1.0/embed9d11.json]
[localhost/blogs/iLatish/indianblooddonors-com/feed/index.html]
[localhost/blogs/iLatish/wp-json/oembed/1.0/embedf1a5]
[localhost/blogs/iLatish/indianblooddonors-com/index.html]
[localhost/blogs/iLatish/wp-json/wp/v2/posts/59.json]
[localhost/blogs/iLatish/normalization/feed/index.html]
[localhost/blogs/iLatish/wp-json/oembed/1.0/embed31da.json]
[localhost/blogs/iLatish/wp-json/oembed/1.0/embed59dc]
[localhost/blogs/iLatish/normalization/index.html]
[localhost/blogs/iLatish/wp-json/wp/v2/posts/51.json]
[localhost/blogs/iLatish/indian-it-talent-–-the-kadwa-sach/feed/index.html]
[localhost/blogs/iLatish/wp-json/oembed/1.0/embed6906.json]
[localhost/blogs/iLatish/wp-json/oembed/1.0/embed222d]
[localhost/blogs/iLatish/indian-it-talent-–-the-kadwa-sach/index.html]
[localhost/blogs/iLatish/wp-json/wp/v2/posts/47.json]
[localhost/blogs/iLatish/paisa-passion/feed/index.html]
[localhost/blogs/iLatish/wp-json/oembed/1.0/embed156e.json]
[localhost/blogs/iLatish/wp-json/oembed/1.0/embed8e0d]
[localhost/blogs/iLatish/paisa-passion/index.html]
[localhost/blogs/iLatish/wp-json/wp/v2/posts/46.json]
[localhost/blogs/iLatish/kras-for-the-govt/feed/index.html]
[localhost/blogs/iLatish/wp-json/oembed/1.0/embedd335.json]
[localhost/blogs/iLatish/wp-json/oembed/1.0/embed5090]
[localhost/blogs/iLatish/kras-for-the-govt/index.html]
[localhost/blogs/iLatish/wp-json/wp/v2/posts/45.json]
[localhost/blogs/iLatish/pressure-managers/feed/index.html]
[localhost/blogs/iLatish/wp-json/oembed/1.0/embedca45.json]
[localhost/blogs/iLatish/wp-json/oembed/1.0/embedaa0e]
[localhost/blogs/iLatish/pressure-managers/index.html]
[localhost/blogs/iLatish/wp-json/wp/v2/posts/44.json]
[localhost/blogs/iLatish/indiavolunteerportalorg/feed/index.html]
[localhost/blogs/iLatish/wp-json/oembed/1.0/embed4302.json]
[localhost/blogs/iLatish/wp-json/oembed/1.0/embede57b]
[localhost/blogs/iLatish/indiavolunteerportalorg/index.html]
[localhost/blogs/iLatish/wp-json/wp/v2/posts/42.json]
[localhost/blogs/iLatish/starting-your-own-company/feed/index.html]
[localhost/blogs/iLatish/wp-json/oembed/1.0/embed28e3.json]
[localhost/blogs/iLatish/wp-json/oembed/1.0/embedfdb1]
[localhost/blogs/iLatish/starting-your-own-company/index.html]
[localhost/blogs/iLatish/wp-json/wp/v2/posts/41.json]
[localhost/blogs/iLatish/official-rules/feed/index.html]
[localhost/blogs/iLatish/wp-json/oembed/1.0/embed9bf8.json]
[localhost/blogs/iLatish/wp-json/oembed/1.0/embedab8b]
[localhost/blogs/iLatish/official-rules/index.html]
[localhost/blogs/iLatish/wp-json/wp/v2/posts/40.json]
[localhost/blogs/iLatish/wp-json/oembed/1.0/embed8c63.json]
[localhost/blogs/iLatish/meetings/feed/index.html]
[localhost/blogs/iLatish/wp-json/oembed/1.0/embed6572]
[localhost/blogs/iLatish/meetings/index.html]
[www.latish-sherigar.com/img/dilbert_meetings,png.html]
[localhost/blogs/iLatish/wp-json/wp/v2/posts/39.json]
[localhost/blogs/iLatish/marriage-an-end-to-bachelors-freedom/feed/index.html]
[localhost/blogs/iLatish/wp-json/oembed/1.0/embed072f.json]
[localhost/blogs/iLatish/wp-json/oembed/1.0/embed00b7]
[localhost/blogs/iLatish/marriage-an-end-to-bachelors-freedom/index.html]
[localhost/blogs/iLatish/wp-json/wp/v2/posts/38.json]
[localhost/blogs/iLatish/insanely-intrested/feed/index.html]
[localhost/blogs/iLatish/wp-json/oembed/1.0/embeda8c5.json]
[localhost/blogs/iLatish/wp-json/oembed/1.0/embed6488]
[localhost/blogs/iLatish/insanely-intrested/index.html]
[localhost/blogs/iLatish/wp-json/wp/v2/posts/37.json]
[localhost/blogs/iLatish/xkcdcom/feed/index.html]
[localhost/blogs/iLatish/wp-json/oembed/1.0/embed58da.json]
[localhost/blogs/iLatish/wp-json/oembed/1.0/embed8f64]
[localhost/blogs/iLatish/xkcdcom/index.html]
[localhost/blogs/iLatish/wp-json/wp/v2/posts/36.json]
[localhost/blogs/iLatish/wp-json/oembed/1.0/embed4261.json]
[localhost/blogs/iLatish/giveindiaorg/feed/index.html]
[localhost/blogs/iLatish/wp-json/oembed/1.0/embedd018]
[localhost/blogs/iLatish/giveindiaorg/index.html]
[localhost/blogs/iLatish/wp-json/wp/v2/posts/34.json]
[localhost/blogs/iLatish/my-new-website/feed/index.html]
[localhost/blogs/iLatish/wp-json/oembed/1.0/embedfa07.json]
[localhost/blogs/iLatish/wp-json/oembed/1.0/embedff8f]
[localhost/blogs/iLatish/my-new-website/index.html]
[localhost/blogs/iLatish/wp-json/wp/v2/posts/33.json]
[localhost/blogs/iLatish/indian-companiesindian-values/feed/index.html]
[localhost/blogs/iLatish/wp-json/oembed/1.0/embedffb5.json]
[localhost/blogs/iLatish/wp-json/oembed/1.0/embed530e]
[localhost/blogs/iLatish/indian-companiesindian-values/index.html]
[localhost/blogs/iLatish/wp-json/wp/v2/posts/31.json]
[localhost/blogs/iLatish/some-tech-gyan/feed/index.html]
[localhost/blogs/iLatish/wp-json/oembed/1.0/embed635b.json]
[localhost/blogs/iLatish/wp-json/oembed/1.0/embed3ba1]
[localhost/blogs/iLatish/some-tech-gyan/index.html]
[localhost/blogs/iLatish/wp-json/wp/v2/posts/29.json]
[localhost/blogs/iLatish/canteen-menu/feed/index.html]
[localhost/blogs/iLatish/wp-json/oembed/1.0/embede9f6.json]
[localhost/blogs/iLatish/wp-json/oembed/1.0/embedd3e5]
[localhost/blogs/iLatish/canteen-menu/index.html]
[localhost/blogs/iLatish/wp-json/wp/v2/posts/28.json]
[localhost/blogs/iLatish/where-have-the-indians-gone/feed/index.html]
[localhost/blogs/iLatish/wp-json/oembed/1.0/embedb97e.json]
[localhost/blogs/iLatish/wp-json/oembed/1.0/embed0e33]
[localhost/blogs/iLatish/where-have-the-indians-gone/index.html]
[localhost/blogs/iLatish/wp-json/wp/v2/posts/27.json]
[localhost/blogs/iLatish/matrix-reexplained/feed/index.html]
[localhost/blogs/iLatish/wp-json/oembed/1.0/embed8ee8.json]
[localhost/blogs/iLatish/wp-json/oembed/1.0/embed4ba9]
[localhost/blogs/iLatish/matrix-reexplained/index.html]
[localhost/blogs/iLatish/wp-json/wp/v2/posts/26.json]
[localhost/blogs/iLatish/mailariabeware-of-it/feed/index.html]
[localhost/blogs/iLatish/wp-json/oembed/1.0/embed9a21.json]
[localhost/blogs/iLatish/wp-json/oembed/1.0/embedc03a]
[localhost/blogs/iLatish/mailariabeware-of-it/index.html]
[localhost/blogs/iLatish/wp-json/wp/v2/posts/25.json]
[localhost/blogs/iLatish/wp-json/oembed/1.0/embed7ce0.json]
[localhost/blogs/iLatish/never-give-up/feed/index.html]
[localhost/blogs/iLatish/wp-json/oembed/1.0/embedfbfb]
[localhost/blogs/iLatish/never-give-up/index.html]
[localhost/blogs/iLatish/wp-json/wp/v2/posts/24.json]
[localhost/blogs/iLatish/processes-and-my-office-canteen/feed/index.html]
[localhost/blogs/iLatish/wp-json/oembed/1.0/embedc1f8.json]
[localhost/blogs/iLatish/wp-json/oembed/1.0/embedf6d1]
[localhost/blogs/iLatish/processes-and-my-office-canteen/index.html]
[localhost/blogs/iLatish/wp-json/wp/v2/posts/23.json]
[localhost/blogs/iLatish/diwali-and-celebrations/feed/index.html]
[localhost/blogs/iLatish/wp-json/oembed/1.0/embed9f39.json]
[localhost/blogs/iLatish/wp-json/oembed/1.0/embedd3e4]
[localhost/blogs/iLatish/diwali-and-celebrations/index.html]
[localhost/blogs/iLatish/wp-json/wp/v2/posts/21.json]
[localhost/blogs/iLatish/thought-for-religious-fanatics/feed/index.html]
[localhost/blogs/iLatish/wp-json/oembed/1.0/embed501f.json]
[localhost/blogs/iLatish/wp-json/oembed/1.0/embed3b5e]
[localhost/blogs/iLatish/thought-for-religious-fanatics/index.html]
[localhost/blogs/iLatish/wp-json/wp/v2/posts/20.json]
[localhost/blogs/iLatish/do-you-really-need-to-drinksmoke/feed/index.html]
[localhost/blogs/iLatish/wp-json/oembed/1.0/embedf264.json]
[localhost/blogs/iLatish/wp-json/oembed/1.0/embed3ada]
[localhost/blogs/iLatish/do-you-really-need-to-drinksmoke/index.html]
[localhost/blogs/iLatish/wp-json/wp/v2/posts/19.json]
[localhost/blogs/iLatish/working-overtime/feed/index.html]
[localhost/blogs/iLatish/wp-json/oembed/1.0/embedcb5a.json]
[localhost/blogs/iLatish/wp-json/oembed/1.0/embed8c81]
[localhost/blogs/iLatish/working-overtime/index.html]
[localhost/blogs/iLatish/wp-json/wp/v2/posts/18.json]
[localhost/blogs/iLatish/sms-voting-and-elections/feed/index.html]
[localhost/blogs/iLatish/wp-json/oembed/1.0/embed4c0d.json]
[localhost/blogs/iLatish/wp-json/oembed/1.0/embed6e92]
[localhost/blogs/iLatish/sms-voting-and-elections/index.html]
[localhost/blogs/iLatish/wp-json/wp/v2/posts/17.json]
[localhost/blogs/iLatish/wp-json/oembed/1.0/embedb750.json]
[localhost/blogs/iLatish/enviornmental-friendly-ganesha-idols/feed/index.html]
[localhost/blogs/iLatish/wp-json/oembed/1.0/embed7722]
[localhost/blogs/iLatish/enviornmental-friendly-ganesha-idols/index.html]
[localhost/blogs/iLatish/wp-json/wp/v2/posts/16.json]
[localhost/blogs/iLatish/celebarting-daysdo-we-need-to/feed/index.html]
[localhost/blogs/iLatish/wp-json/oembed/1.0/embedcc56.json]
[localhost/blogs/iLatish/wp-json/oembed/1.0/embed96e3]
[localhost/blogs/iLatish/celebarting-daysdo-we-need-to/index.html]
[localhost/blogs/iLatish/wp-json/wp/v2/posts/14.json]
[localhost/blogs/iLatish/voting-for-wonders-of-the-world/feed/index.html]
[localhost/blogs/iLatish/wp-json/oembed/1.0/embed948e.json]
[localhost/blogs/iLatish/wp-json/oembed/1.0/embed4fec]
[localhost/blogs/iLatish/voting-for-wonders-of-the-world/index.html]
[localhost/blogs/iLatish/wp-json/wp/v2/posts/13.json]
[localhost/blogs/iLatish/world-peaceby-calvin/feed/index.html]
[localhost/blogs/iLatish/wp-json/oembed/1.0/embedf22b.json]
[localhost/blogs/iLatish/wp-json/oembed/1.0/embed779c]
[localhost/blogs/iLatish/world-peaceby-calvin/index.html]
[localhost/blogs/iLatish/wp-json/wp/v2/posts/12.json]
[localhost/blogs/iLatish/my-linux-blog/feed/index.html]
[localhost/blogs/iLatish/wp-json/oembed/1.0/embed32ce.json]
[localhost/blogs/iLatish/wp-json/oembed/1.0/embed17e6]
[localhost/blogs/iLatish/my-linux-blog/index.html]
[localhost/blogs/iLatish/wp-json/wp/v2/posts/11.json]
[localhost/blogs/iLatish/this-blogs-alive/feed/index.html]
[localhost/blogs/iLatish/wp-json/oembed/1.0/embed4836.json]
[localhost/blogs/iLatish/wp-json/oembed/1.0/embedd9ab]
[localhost/blogs/iLatish/this-blogs-alive/index.html]
[localhost/blogs/iLatish/wp-json/wp/v2/posts/9.json]
[localhost/blogs/iLatish/goodbye-orkut-world/feed/index.html]
[localhost/blogs/iLatish/wp-json/oembed/1.0/embed50e9.json]
[localhost/blogs/iLatish/wp-json/oembed/1.0/embeda6ce]
[localhost/blogs/iLatish/goodbye-orkut-world/index.html]
[localhost/blogs/iLatish/wp-json/wp/v2/posts/8.json]
[localhost/blogs/iLatish/apple-iphone/feed/index.html]
[localhost/blogs/iLatish/wp-json/oembed/1.0/embed3ce3.json]
[localhost/blogs/iLatish/wp-json/oembed/1.0/embed818c]
[localhost/blogs/iLatish/apple-iphone/index.html]
[localhost/blogs/iLatish/wp-json/wp/v2/posts/7.json]
[localhost/blogs/iLatish/welcome-2007/feed/index.html]
[localhost/blogs/iLatish/wp-json/oembed/1.0/embed570c.json]
[localhost/blogs/iLatish/wp-json/oembed/1.0/embed2744]
[localhost/blogs/iLatish/welcome-2007/index.html]
[localhost/blogs/iLatish/wp-json/wp/v2/posts/6.json]
[localhost/blogs/iLatish/hello-world-2/feed/index.html]
[localhost/blogs/iLatish/wp-json/oembed/1.0/embedffc8.json]
[localhost/blogs/iLatish/wp-json/oembed/1.0/embed2bbf]
[localhost/blogs/iLatish/hello-world-2/index.html]
[localhost/blogs/iLatish/indexd7d8.html]
[localhost/blogs/iLatish/index56d6.html]
[localhost/blogs/iLatish/indexf488.html]
[localhost/blogs/iLatish/index9469.html]
[localhost/blogs/iLatish/indexd52d.html]
[localhost/blogs/iLatish/page/3/index.html]
[localhost/blogs/iLatish/page/5/index.html]
[localhost/blogs/iLatish/author/latish/page/2/index.html]
[localhost/blogs/iLatish/author/latish/page/6/index.html]
[localhost/blogs/iLatish/index5070.html]
[localhost/blogs/iLatish/index0a10.html]
[localhost/blogs/iLatish/indexe887.html]
[localhost/blogs/iLatish/indexe6f0.html]
[localhost/blogs/iLatish/indexb190.html]
[localhost/blogs/iLatish/index36d4.html]
[localhost/blogs/iLatish/index6213.html]
[localhost/blogs/iLatish/index6ffe.html]
[localhost/blogs/iLatish/indexe839.html]
[localhost/blogs/iLatish/indexae74.html]
[localhost/blogs/iLatish/indexe2dc.html]
[localhost/blogs/iLatish/index96f1.html]
[localhost/blogs/iLatish/index2cce.html]
[localhost/blogs/iLatish/index1098.html]
[localhost/blogs/iLatish/index8cf7.html]
[localhost/blogs/iLatish/indexcb30.html]
[localhost/blogs/iLatish/index7ea6.html]
[localhost/blogs/iLatish/index5e74.html]
[localhost/blogs/iLatish/index49b1.html]
[localhost/blogs/iLatish/indexfbd5.html]
[localhost/blogs/iLatish/indexcbb6.html]
[localhost/blogs/iLatish/index3ba0.html]
[localhost/blogs/iLatish/indexba52.html]
[localhost/blogs/iLatish/indexb93f.html]
[localhost/blogs/iLatish/index4837.html]
[localhost/blogs/iLatish/index0d0b.html]
[localhost/blogs/iLatish/index1e7e.html]
[localhost/blogs/iLatish/indexdd23.html]
[localhost/blogs/iLatish/indexc7e3.html]
[localhost/blogs/iLatish/index9cd7.html]
[localhost/blogs/iLatish/index3c55.html]
[localhost/blogs/iLatish/index1c4a.html]
[localhost/blogs/iLatish/index88b9.html]
[localhost/blogs/iLatish/index970c.html]
[localhost/blogs/iLatish/index2cf9.html]
[localhost/blogs/iLatish/index40a0.html]
[localhost/blogs/iLatish/index3965.html]
[localhost/blogs/iLatish/index341b.html]
[localhost/blogs/iLatish/index5831.html]
[localhost/blogs/iLatish/index0735.html]
[localhost/blogs/iLatish/indexd8eb.html]
[localhost/blogs/iLatish/index0e62.html]
[localhost/blogs/iLatish/index0b69.html]
[localhost/blogs/iLatish/index2dc4.html]
[localhost/blogs/iLatish/index678b.html]
[localhost/blogs/iLatish/index5757.html]
[localhost/blogs/iLatish/indexb5fb.html]
[localhost/blogs/iLatish/index2df4.html]
[localhost/blogs/iLatish/indexc4f7.html]
[localhost/blogs/iLatish/index42dc.html]
[localhost/blogs/iLatish/page/4/index.html]
[localhost/blogs/iLatish/author/latish/page/3/index.html]
[localhost/blogs/iLatish/author/latish/page/5/index.html]
[localhost/blogs/iLatish/author/latish/page/4/index.html]
[localhost/blogs/iLatish/wp-json/index.html]
[localhost/blogs/iLatish/wp-includes/css/dist/block-library/style.min1e39.css]
[www.latish-sherigar.com/blogs/iLatish/wp-content/uploads/2017/12/auqarium_filter2.jpg]
[www.latish-sherigar.com/blogs/iLatish/wp-content/uploads/2017/12/auqarium_filter2-300x225.jpg]
[localhost/blogs/iLatish/xmlrpc0db0.php]
[localhost/blogs/iLatish/wp-content/themes/twentyfifteen/assets/fonts/noto-sans/noto-sans-cyrillic-ext-400-normal1974.woff2]
[www.latish-sherigar.com/blogs/iLatish/wp-content/uploads/2017/12/auqarium_filter1-300x225.jpg]
[www.latish-sherigar.com/blogs/iLatish/wp-content/uploads/2017/12/auqarium_filter1.jpg]
[localhost/blogs/iLatish/wp-content/themes/twentyfifteen/assets/fonts/noto-sans/noto-sans-all-400-normal1974.woff]
[www.latish-sherigar.com/blogs/iLatish/wp-content/uploads/2015/07/apj_facebook_like.png]
[localhost/blogs/iLatish/wp-content/themes/twentyfifteen/assets/fonts/noto-sans/noto-sans-cyrillic-400-normal1974.woff2]
[localhost/blogs/iLatish/wp-content/themes/twentyfifteen/assets/fonts/noto-sans/noto-sans-devanagari-400-normal1974.woff2]
[localhost/blogs/iLatish/wp-content/themes/twentyfifteen/assets/fonts/noto-sans/noto-sans-greek-ext-400-normal1974.woff2]
[localhost/blogs/iLatish/wp-content/themes/twentyfifteen/assets/fonts/noto-sans/noto-sans-greek-400-normal1974.woff2]
[www.latish-sherigar.com/blogs/iLatish/wp-content/uploads/2014/10/misleading_hp_ad.png]
[www.latish-sherigar.com/blogs/iLatish/wp-content/uploads/2014/10/misleading_hp_ad-151x300.png]
[localhost/blogs/iLatish/wp-content/themes/twentyfifteen/assets/fonts/noto-sans/noto-sans-vietnamese-400-normal1974.woff2]
[localhost/blogs/iLatish/solving-a-problem/feed/index.html]
[localhost/blogs/iLatish/wp-json/wp/v2/posts/173.json]
[localhost/blogs/iLatish/wp-content/themes/twentyfifteen/assets/fonts/noto-sans/noto-sans-latin-ext-400-normal1974.woff2]
[localhost/blogs/iLatish/wp-json/oembed/1.0/embed02e0.json]
[localhost/blogs/iLatish/wp-content/themes/twentyfifteen/assets/fonts/noto-sans/noto-sans-latin-400-normal1974.woff2]
[localhost/blogs/iLatish/wp-content/themes/twentyfifteen/assets/fonts/noto-sans/noto-sans-cyrillic-ext-400-italic1974.woff2]
[localhost/blogs/iLatish/wp-content/themes/twentyfifteen/assets/fonts/noto-sans/noto-sans-all-400-italic1974.woff]
[localhost/blogs/iLatish/wp-json/oembed/1.0/embeda13f]
[localhost/blogs/iLatish/wp-content/themes/twentyfifteen/assets/fonts/noto-sans/noto-sans-cyrillic-400-italic1974.woff2]
[localhost/blogs/iLatish/wp-content/themes/twentyfifteen/assets/fonts/noto-sans/noto-sans-devanagari-400-italic1974.woff2]
[localhost/blogs/iLatish/balance/feed/index.html]
[localhost/blogs/iLatish/wp-content/themes/twentyfifteen/assets/fonts/noto-sans/noto-sans-greek-ext-400-italic1974.woff2]
[localhost/blogs/iLatish/wp-json/wp/v2/posts/169.json]
[localhost/blogs/iLatish/wp-json/oembed/1.0/embed2037.json]
[localhost/blogs/iLatish/wp-content/themes/twentyfifteen/assets/fonts/noto-sans/noto-sans-greek-400-italic1974.woff2]
[localhost/blogs/iLatish/wp-content/themes/twentyfifteen/assets/fonts/noto-sans/noto-sans-vietnamese-400-italic1974.woff2]
[localhost/blogs/iLatish/wp-content/themes/twentyfifteen/assets/fonts/noto-sans/noto-sans-latin-ext-400-italic1974.woff2]
[localhost/blogs/iLatish/wp-json/oembed/1.0/embed32e6]
[localhost/blogs/iLatish/pathi-patni-aur-woh-reloaded/feed/index.html]
[localhost/blogs/iLatish/wp-content/themes/twentyfifteen/assets/fonts/noto-sans/noto-sans-latin-400-italic1974.woff2]
[localhost/blogs/iLatish/wp-json/wp/v2/posts/166.json]
[localhost/blogs/iLatish/wp-content/themes/twentyfifteen/assets/fonts/noto-sans/noto-sans-cyrillic-ext-700-normal1974.woff2]
[localhost/blogs/iLatish/wp-content/themes/twentyfifteen/assets/fonts/noto-sans/noto-sans-all-700-normal1974.woff]
[localhost/blogs/iLatish/wp-content/themes/twentyfifteen/assets/fonts/noto-sans/noto-sans-cyrillic-700-normal1974.woff2]
[localhost/blogs/iLatish/wp-json/oembed/1.0/embed427e]
[localhost/blogs/iLatish/wp-content/themes/twentyfifteen/assets/fonts/noto-sans/noto-sans-devanagari-700-normal1974.woff2]
[localhost/blogs/iLatish/religion/feed/index.html]
[localhost/blogs/iLatish/wp-content/themes/twentyfifteen/assets/fonts/noto-sans/noto-sans-greek-ext-700-normal1974.woff2]
[localhost/blogs/iLatish/wp-json/wp/v2/posts/164.json]
[localhost/blogs/iLatish/wp-content/themes/twentyfifteen/assets/fonts/noto-sans/noto-sans-greek-700-normal1974.woff2]
[localhost/blogs/iLatish/wp-content/themes/twentyfifteen/assets/fonts/noto-sans/noto-sans-vietnamese-700-normal1974.woff2]
[localhost/blogs/iLatish/wp-json/oembed/1.0/embed909b.json]
[localhost/blogs/iLatish/wp-content/themes/twentyfifteen/assets/fonts/noto-sans/noto-sans-latin-ext-700-normal1974.woff2]
[localhost/blogs/iLatish/my-customized-aquarium-top-filter-setup/feed/index.html]
[localhost/blogs/iLatish/wp-content/themes/twentyfifteen/assets/fonts/noto-sans/noto-sans-latin-700-normal1974.woff2]
[localhost/blogs/iLatish/wp-json/wp/v2/posts/159.json]
[localhost/blogs/iLatish/wp-content/themes/twentyfifteen/assets/fonts/noto-sans/noto-sans-cyrillic-ext-700-italic1974.woff2]
[localhost/blogs/iLatish/wp-json/oembed/1.0/embed1cd1]
[localhost/blogs/iLatish/wp-content/themes/twentyfifteen/assets/fonts/noto-sans/noto-sans-all-700-italic1974.woff]
[www.latish-sherigar.com/img/chetanSymboisis.jpg]
[localhost/blogs/iLatish/wp-content/themes/twentyfifteen/assets/fonts/noto-sans/noto-sans-cyrillic-700-italic1974.woff2]
[localhost/blogs/iLatish/wp-content/themes/twentyfifteen/assets/fonts/noto-sans/noto-sans-devanagari-700-italic1974.woff2]
[www.latish-sherigar.com/img/pressure_managers.png]
[localhost/blogs/iLatish/wp-content/themes/twentyfifteen/assets/fonts/noto-sans/noto-sans-greek-ext-700-italic1974.woff2]
[localhost/blogs/iLatish/wp-content/themes/twentyfifteen/assets/fonts/noto-sans/noto-sans-greek-700-italic1974.woff2]
[imgs.xkcd.com/comics/angular_momentum.jpg]
[localhost/blogs/iLatish/wp-content/themes/twentyfifteen/assets/fonts/noto-sans/noto-sans-vietnamese-700-italic1974.woff2]
[www.latish-sherigar.com/img/giveindia_ord_better-world1.jpg]
[localhost/blogs/iLatish/wp-content/themes/twentyfifteen/assets/fonts/noto-sans/noto-sans-latin-ext-700-italic1974.woff2]
[localhost/blogs/iLatish/wp-content/themes/twentyfifteen/assets/fonts/noto-sans/noto-sans-latin-700-italic1974.woff2]
[localhost/blogs/iLatish/wp-content/themes/twentyfifteen/assets/fonts/noto-serif/noto-serif-cyrillic-ext-400-italic9bfa.woff2]
[localhost/blogs/iLatish/wp-content/themes/twentyfifteen/assets/fonts/noto-serif/noto-serif-all-400-italic9bfa.woff]
[localhost/blogs/iLatish/wp-content/themes/twentyfifteen/assets/fonts/noto-serif/noto-serif-cyrillic-400-italic9bfa.woff2]
[localhost/blogs/iLatish/wp-content/themes/twentyfifteen/assets/fonts/noto-serif/noto-serif-greek-ext-400-italic9bfa.woff2]
[localhost/blogs/iLatish/wp-content/themes/twentyfifteen/assets/fonts/noto-serif/noto-serif-greek-400-italic9bfa.woff2]
[localhost/blogs/iLatish/wp-content/themes/twentyfifteen/assets/fonts/noto-serif/noto-serif-vietnamese-400-italic9bfa.woff2]
[localhost/blogs/iLatish/wp-content/themes/twentyfifteen/assets/fonts/noto-serif/noto-serif-latin-ext-400-italic9bfa.woff2]
[localhost/blogs/iLatish/wp-content/themes/twentyfifteen/assets/fonts/noto-serif/noto-serif-latin-400-italic9bfa.woff2]
[localhost/blogs/iLatish/wp-content/themes/twentyfifteen/assets/fonts/noto-serif/noto-serif-cyrillic-ext-700-italic9bfa.woff2]
[localhost/blogs/iLatish/wp-content/themes/twentyfifteen/assets/fonts/noto-serif/noto-serif-all-700-italic9bfa.woff]
[localhost/blogs/iLatish/wp-content/themes/twentyfifteen/assets/fonts/noto-serif/noto-serif-cyrillic-700-italic9bfa.woff2]
[1.bp.blogspot.com/_mw51ZTNRTiM/R7Zq1qzYDzI/AAAAAAAAAac/Mr5csbEXkGw/s320/Today's Menu.jpg]
[localhost/blogs/iLatish/wp-content/themes/twentyfifteen/assets/fonts/noto-serif/noto-serif-greek-ext-700-italic9bfa.woff2]
[localhost/blogs/iLatish/wp-content/themes/twentyfifteen/assets/fonts/noto-serif/noto-serif-greek-700-italic9bfa.woff2]
[1.bp.blogspot.com/_mw51ZTNRTiM/R17aquiY_3I/AAAAAAAAAYc/DaEtq9Y9QuI/s320/never_give_up.jpg]
[1.bp.blogspot.com/_mw51ZTNRTiM/RzRxLOHrmII/AAAAAAAAAYU/dzUrKupgCiM/s320/deepavali.jpg]
[1.bp.blogspot.com/_mw51ZTNRTiM/RvTlFnLV85I/AAAAAAAAAW8/Q8d8By8EGmo/s320/ShowLetter_006.jpeg]
[1.bp.blogspot.com/_mw51ZTNRTiM/RvTlF3LV86I/AAAAAAAAAXE/_3az1Oowjoc/s320/ShowLetter_007.jpeg]
[1.bp.blogspot.com/_mw51ZTNRTiM/Ry39xSJiMqI/AAAAAAAAAYM/Ta6evLqxCjA/s320/img-wallpapers-religion-wallpaper-gruzz-3470.jpg]
[localhost/blogs/iLatish/wp-content/themes/twentyfifteen/assets/fonts/noto-serif/noto-serif-vietnamese-700-italic9bfa.woff2]
[1.bp.blogspot.com/_mw51ZTNRTiM/RvTlF3LV87I/AAAAAAAAAXM/W0cErC-0AcA/s320/ShowLetter_008.jpeg]
[1.bp.blogspot.com/_mw51ZTNRTiM/RvTlGHLV88I/AAAAAAAAAXU/l_2nlDCN1CU/s320/ShowLetter_009.jpeg]
[1.bp.blogspot.com/_mw51ZTNRTiM/RvTkVHLV80I/AAAAAAAAAWU/yE2VjOE6CyE/s320/ShowLetter.jpeg]
[1.bp.blogspot.com/_mw51ZTNRTiM/RvTkVHLV81I/AAAAAAAAAWc/qYhqsDmiv_I/s320/ShowLetter_002.jpeg]
[localhost/blogs/iLatish/wp-content/themes/twentyfifteen/assets/fonts/noto-serif/noto-serif-latin-ext-700-italic9bfa.woff2]
[localhost/blogs/iLatish/wp-content/themes/twentyfifteen/assets/fonts/noto-serif/noto-serif-latin-700-italic9bfa.woff2]
[localhost/blogs/iLatish/wp-content/themes/twentyfifteen/assets/fonts/noto-serif/noto-serif-cyrillic-ext-400-normal9bfa.woff2]
[localhost/blogs/iLatish/wp-content/themes/twentyfifteen/assets/fonts/noto-serif/noto-serif-all-400-normal9bfa.woff]
[localhost/blogs/iLatish/wp-content/themes/twentyfifteen/assets/fonts/noto-serif/noto-serif-cyrillic-400-normal9bfa.woff2]
[localhost/blogs/iLatish/wp-content/themes/twentyfifteen/assets/fonts/noto-serif/noto-serif-greek-ext-400-normal9bfa.woff2]
[localhost/blogs/iLatish/wp-content/themes/twentyfifteen/assets/fonts/noto-serif/noto-serif-greek-400-normal9bfa.woff2]
[localhost/blogs/iLatish/wp-content/themes/twentyfifteen/assets/fonts/noto-serif/noto-serif-vietnamese-400-normal9bfa.woff2]
[localhost/blogs/iLatish/wp-content/themes/twentyfifteen/assets/fonts/noto-serif/noto-serif-latin-ext-400-normal9bfa.woff2]
[localhost/blogs/iLatish/wp-content/themes/twentyfifteen/assets/fonts/noto-serif/noto-serif-latin-400-normal9bfa.woff2]
[localhost/blogs/iLatish/wp-content/themes/twentyfifteen/assets/fonts/noto-serif/noto-serif-cyrillic-ext-700-normal9bfa.woff2]
[localhost/blogs/iLatish/wp-content/themes/twentyfifteen/assets/fonts/noto-serif/noto-serif-all-700-normal9bfa.woff]
[localhost/blogs/iLatish/wp-content/themes/twentyfifteen/assets/fonts/noto-serif/noto-serif-cyrillic-700-normal9bfa.woff2]
[localhost/blogs/iLatish/wp-content/themes/twentyfifteen/assets/fonts/noto-serif/noto-serif-greek-ext-700-normal9bfa.woff2]
[localhost/blogs/iLatish/wp-content/themes/twentyfifteen/assets/fonts/noto-serif/noto-serif-greek-700-normal9bfa.woff2]
[localhost/blogs/iLatish/wp-content/themes/twentyfifteen/assets/fonts/noto-serif/noto-serif-vietnamese-700-normal9bfa.woff2]
[localhost/blogs/iLatish/wp-content/themes/twentyfifteen/assets/fonts/noto-serif/noto-serif-latin-ext-700-normal9bfa.woff2]
[localhost/blogs/iLatish/wp-content/themes/twentyfifteen/assets/fonts/noto-serif/noto-serif-latin-700-normal9bfa.woff2]
[localhost/blogs/iLatish/wp-content/themes/twentyfifteen/assets/fonts/inconsolata/inconsolata-vietnamese-400-normalfce2.woff2]
[1.bp.blogspot.com/_mw51ZTNRTiM/RvTkVnLV84I/AAAAAAAAAW0/D_WiRk00esQ/s320/ShowLetter_005.jpeg]
[1.bp.blogspot.com/_mw51ZTNRTiM/RvTkVXLV82I/AAAAAAAAAWk/_uh2HR1TtRk/s320/ShowLetter_003.jpeg]
[1.bp.blogspot.com/_mw51ZTNRTiM/RvTkVXLV83I/AAAAAAAAAWs/ijLbO7YJFK4/s320/ShowLetter_004.jpeg]
[localhost/blogs/iLatish/wp-content/themes/twentyfifteen/assets/fonts/inconsolata/inconsolata-all-400-normalfce2.woff]
[localhost/blogs/iLatish/wp-content/themes/twentyfifteen/assets/fonts/inconsolata/inconsolata-latin-ext-400-normalfce2.woff2]
[1.bp.blogspot.com/_mw51ZTNRTiM/Rpje7F12mUI/AAAAAAAAAIw/EW9RfA3gFp8/s320/iphone.jpg]
[localhost/blogs/iLatish/wp-content/themes/twentyfifteen/assets/fonts/inconsolata/inconsolata-latin-400-normalfce2.woff2]
[localhost/blogs/iLatish/wp-content/themes/twentyfifteen/assets/fonts/inconsolata/inconsolata-vietnamese-700-normalfce2.woff2]
[1.bp.blogspot.com/_mw51ZTNRTiM/RpjmHV12mVI/AAAAAAAAAI4/Iv3edsbqZfc/s320/calvin_war_peace.jpg]
[localhost/blogs/iLatish/wp-content/themes/twentyfifteen/assets/fonts/inconsolata/inconsolata-all-700-normalfce2.woff]
[localhost/blogs/iLatish/why-i-dont-always-like-a-facebook-like/feed/index.html]
[localhost/blogs/iLatish/wp-content/themes/twentyfifteen/assets/fonts/inconsolata/inconsolata-latin-ext-700-normalfce2.woff2]
[localhost/blogs/iLatish/wp-json/wp/v2/posts/153.json]
[localhost/blogs/iLatish/wp-content/themes/twentyfifteen/assets/fonts/inconsolata/inconsolata-latin-700-normalfce2.woff2]
[localhost/blogs/iLatish/wp-content/themes/twentyfifteen/assets/fonts/noto-sans-plus-noto-serif-plus-inconsolata6a62.css]
[localhost/blogs/iLatish/wp-json/oembed/1.0/embed43f9.json]
[localhost/blogs/iLatish/wp-content/themes/twentyfifteen/genericons/Genericons.eot]
[localhost/blogs/iLatish/something-at-stake/feed/index.html]
[localhost/blogs/iLatish/wp-content/themes/twentyfifteen/genericons/Genericons.ttf]
[localhost/blogs/iLatish/misleading-ad-about-hp-laptop-upgrade/feed/index.html]
[localhost/blogs/iLatish/wp-content/themes/twentyfifteen/genericons/genericons0cca.css]
[localhost/blogs/iLatish/andriod-future-versions/feed/index.html]
[localhost/blogs/iLatish/instant-gratification-and-genxyz/feed/index.html]
[localhost/blogs/iLatish/author/latish/feed/index.html]
[localhost/blogs/iLatish/wp-json/wp/v2/users/1.json]
[localhost/blogs/iLatish/wp-content/themes/twentyfifteen/style2a09.css]
[localhost/blogs/iLatish/wp-content/themes/twentyfifteen/css/blocks19c9.css]
[1.bp.blogspot.com/_mw51ZTNRTiM/RrdO8MDRK7I/AAAAAAAAAJM/wJZeviari3Y/s320/Screenshot-http_--www.dnaindia.com - DNA - Daily News & Analysis - Poll result - Mozilla Firefox.png]
[localhost/blogs/iLatish/if-some-companies-sold-bhelpuri/feed/index.html]
[localhost/blogs/iLatish/solving-a-problem/index.html]
[localhost/blogs/iLatish/wp-json/wp/v2/posts/125.json]
[localhost/blogs/iLatish/wp-json/oembed/1.0/embed5f61.json]
[localhost/blogs/iLatish/why-i-dont-always-like-a-facebook-like/index.html]
[localhost/blogs/iLatish/pati-patni-aur-woh/feed/index.html]
[localhost/blogs/iLatish/wp-json/oembed/1.0/embed9787]
[localhost/blogs/iLatish/god-and-the-queues/feed/index.html]
[localhost/blogs/iLatish/new-year/feed/index.html]
[localhost/blogs/iLatish/why-facebook-resembles-a-overprotective-mother/feed/index.html]
[localhost/blogs/iLatish/instant-gratification-and-genxyz/index.html]
[localhost/blogs/iLatish/my-cd-lamp/feed/index.html]
[localhost/blogs/iLatish/customer-service-sbi-istyle/feed/index.html]
[localhost/blogs/iLatish/googles-love-for-microsoft/feed/index.html]
[gmpg.org/xfn/default.css]
[localhost/blogs/iLatish/blood-group-repository/feed/index.html]
[localhost/blogs/iLatish/fitting-in-the-mould/feed/index.html]
[localhost/blogs/iLatish/indexec4a.html]
[localhost/blogs/iLatish/chetan-bhagats-speech-at-symbiosis/feed/index.html]
[localhost/blogs/iLatish/paisa-re-paisa/feed/index.html]
[localhost/blogs/iLatish/indianblooddonors-com/feed/index.html]
[localhost/blogs/iLatish/normalization/feed/index.html]
[localhost/blogs/iLatish/indian-it-talent-–-the-kadwa-sach/feed/index.html]
[localhost/blogs/iLatish/paisa-passion/feed/index.html]
[localhost/blogs/iLatish/author/latish/index.html]
[localhost/blogs/iLatish/indexff23.html]
[localhost/blogs/iLatish/pressure-managers/feed/index.html]
[localhost/blogs/iLatish/kras-for-the-govt/feed/index.html]
[localhost/blogs/iLatish/index8e01.html]
[localhost/blogs/iLatish/indiavolunteerportalorg/feed/index.html]
[localhost/blogs/iLatish/starting-your-own-company/feed/index.html]
[localhost/blogs/iLatish/index7760.html]
[localhost/blogs/iLatish/meetings/feed/index.html]
[localhost/blogs/iLatish/official-rules/feed/index.html]
[localhost/blogs/iLatish/wp-json/oembed/1.0/embed7765]
[localhost/blogs/iLatish/marriage-an-end-to-bachelors-freedom/feed/index.html]
[localhost/blogs/iLatish/insanely-intrested/feed/index.html]
[localhost/blogs/iLatish/indexb950.html]
[localhost/blogs/iLatish/xkcdcom/feed/index.html]
[localhost/blogs/iLatish/giveindiaorg/feed/index.html]
[localhost/blogs/iLatish/if-some-companies-sold-bhelpuri/index.html]
[localhost/blogs/iLatish/my-new-website/feed/index.html]
[localhost/blogs/iLatish/indian-companiesindian-values/feed/index.html]
[localhost/blogs/iLatish/some-tech-gyan/feed/index.html]
[localhost/img/cd_lamp_large.html]
[localhost/blogs/iLatish/canteen-menu/feed/index.html]
[localhost/blogs/iLatish/where-have-the-indians-gone/feed/index.html]
[localhost/blogs/iLatish/matrix-reexplained/feed/index.html]
[localhost/img/cd_lamp_large2.html]
[localhost/blogs/iLatish/mailariabeware-of-it/feed/index.html]
[localhost/blogs/iLatish/never-give-up/feed/index.html]
[localhost/blogs/iLatish/paisa-re-paisa/index.html]
[localhost/blogs/iLatish/processes-and-my-office-canteen/feed/index.html]
[localhost/blogs/iLatish/diwali-and-celebrations/feed/index.html]
[localhost/blogs/iLatish/indiavolunteerportalorg/index.html]
[localhost/blogs/iLatish/thought-for-religious-fanatics/feed/index.html]
[localhost/blogs/iLatish/do-you-really-need-to-drinksmoke/feed/index.html]
[localhost/blogs/iLatish/giveindiaorg/index.html]
[localhost/blogs/iLatish/working-overtime/feed/index.html]
[localhost/blogs/iLatish/sms-voting-and-elections/feed/index.html]
[localhost/blogs/iLatish/my-new-website/index.html]
[localhost/blogs/iLatish/enviornmental-friendly-ganesha-idols/feed/index.html]
[localhost/blogs/iLatish/celebarting-daysdo-we-need-to/feed/index.html]
[localhost/blogs/iLatish/voting-for-wonders-of-the-world/feed/index.html]
[1.bp.blogspot.com/_mw51ZTNRTiM/RZZrKGc3FJI/AAAAAAAAAAM/2o44O3yhgUY/s320/ganesh01.gif]
[localhost/blogs/iLatish/my-linux-blog/feed/index.html]
[localhost/blogs/iLatish/world-peaceby-calvin/feed/index.html]
[localhost/blogs/iLatish/this-blogs-alive/feed/index.html]
[1.bp.blogspot.com/_mw51ZTNRTiM/R7Zq1qzYDzI/AAAAAAAAAac/Mr5csbEXkGw/s1600/Today's Menu.jpg]
[bp2.blogger.com/_mw51ZTNRTiM/R7Zq1qzYDzI/AAAAAAAAAac/Mr5csbEXkGw/s1600-h/Today's+Menu.html]
[localhost/blogs/iLatish/welcome-2007/feed/index.html]
[localhost/blogs/iLatish/goodbye-orkut-world/feed/index.html]
[localhost/blogs/iLatish/apple-iphone/feed/index.html]
[localhost/blogs/iLatish/hello-world-2/feed/index.html]
[localhost/blogs/iLatish/where-have-the-indians-gone/index.html]
[www.latish-sherigar.com/blogs/iLatish/wp-content/uploads/2015/07/apj_facebook_like-300x289.png]
[1.bp.blogspot.com/_mw51ZTNRTiM/R7Zq1qzYDzI/AAAAAAAAAac/Mr5csbEXkGw/s1600/Today's Menu.jpg]
[bp2.blogger.com/_mw51ZTNRTiM/R17aquiY_3I/AAAAAAAAAYc/DaEtq9Y9QuI/s1600-h/never_give_up.html]
[1.bp.blogspot.com/_mw51ZTNRTiM/R17aquiY_3I/AAAAAAAAAYc/DaEtq9Y9QuI/s1600/never_give_up.jpg]
[localhost/blogs/iLatish/processes-and-my-office-canteen/index.html]
[1.bp.blogspot.com/_mw51ZTNRTiM/RzRxLOHrmII/AAAAAAAAAYU/dzUrKupgCiM/s1600/deepavali.jpg]
[bp1.blogger.com/_mw51ZTNRTiM/RzRxLOHrmII/AAAAAAAAAYU/dzUrKupgCiM/s1600-h/deepavali.html]
[localhost/blogs/iLatish/thought-for-religious-fanatics/index.html]
[1.bp.blogspot.com/_mw51ZTNRTiM/Ry39xSJiMqI/AAAAAAAAAYM/Ta6evLqxCjA/s1600/img-wallpapers-religion-wallpaper-gruzz-3470.jpg]
[bp2.blogger.com/_mw51ZTNRTiM/Ry39xSJiMqI/AAAAAAAAAYM/Ta6evLqxCjA/s1600-h/img-wallpapers-religion-wallpaper-gruzz-3470.html]
[localhost/blogs/iLatish/do-you-really-need-to-drinksmoke/index.html]
[1.bp.blogspot.com/_mw51ZTNRTiM/RvTlFnLV85I/AAAAAAAAAW8/Q8d8By8EGmo/s1600/ShowLetter_006.jpeg]
[bp1.blogger.com/_mw51ZTNRTiM/RvTlFnLV85I/AAAAAAAAAW8/Q8d8By8EGmo/s1600-h/ShowLetter_006.html]
[1.bp.blogspot.com/_mw51ZTNRTiM/RvTlF3LV86I/AAAAAAAAAXE/_3az1Oowjoc/s1600/ShowLetter_007.jpeg]
[bp2.blogger.com/_mw51ZTNRTiM/RvTlF3LV86I/AAAAAAAAAXE/_3az1Oowjoc/s1600-h/ShowLetter_007.html]
[1.bp.blogspot.com/_mw51ZTNRTiM/RvTlF3LV87I/AAAAAAAAAXM/W0cErC-0AcA/s1600/ShowLetter_008.jpeg]
[bp2.blogger.com/_mw51ZTNRTiM/RvTlF3LV87I/AAAAAAAAAXM/W0cErC-0AcA/s1600-h/ShowLetter_008.html]
[1.bp.blogspot.com/_mw51ZTNRTiM/RvTlGHLV88I/AAAAAAAAAXU/l_2nlDCN1CU/s1600/ShowLetter_009.jpeg]
[bp3.blogger.com/_mw51ZTNRTiM/RvTlGHLV88I/AAAAAAAAAXU/l_2nlDCN1CU/s1600-h/ShowLetter_009.html]
[1.bp.blogspot.com/_mw51ZTNRTiM/RvTkVHLV80I/AAAAAAAAAWU/yE2VjOE6CyE/s1600/ShowLetter.jpeg]
[bp3.blogger.com/_mw51ZTNRTiM/RvTkVHLV80I/AAAAAAAAAWU/yE2VjOE6CyE/s1600-h/ShowLetter.html]
[1.bp.blogspot.com/_mw51ZTNRTiM/RvTkVHLV81I/AAAAAAAAAWc/qYhqsDmiv_I/s1600/ShowLetter_002.jpeg]
[bp3.blogger.com/_mw51ZTNRTiM/RvTkVHLV81I/AAAAAAAAAWc/qYhqsDmiv_I/s1600-h/ShowLetter_002.html]
[1.bp.blogspot.com/_mw51ZTNRTiM/RvTkVXLV82I/AAAAAAAAAWk/_uh2HR1TtRk/s1600/ShowLetter_003.jpeg]
[bp0.blogger.com/_mw51ZTNRTiM/RvTkVXLV82I/AAAAAAAAAWk/_uh2HR1TtRk/s1600-h/ShowLetter_003.html]
[1.bp.blogspot.com/_mw51ZTNRTiM/RvTkVXLV83I/AAAAAAAAAWs/ijLbO7YJFK4/s1600/ShowLetter_004.jpeg]
[bp0.blogger.com/_mw51ZTNRTiM/RvTkVXLV83I/AAAAAAAAAWs/ijLbO7YJFK4/s1600-h/ShowLetter_004.html]
[1.bp.blogspot.com/_mw51ZTNRTiM/RvTkVnLV84I/AAAAAAAAAW0/D_WiRk00esQ/s1600/ShowLetter_005.jpeg]
[bp1.blogger.com/_mw51ZTNRTiM/RvTkVnLV84I/AAAAAAAAAW0/D_WiRk00esQ/s1600-h/ShowLetter_005.html]
[localhost/blogs/iLatish/celebarting-daysdo-we-need-to/index.html]
[1.bp.blogspot.com/_mw51ZTNRTiM/RrdO8MDRK7I/AAAAAAAAAJM/wJZeviari3Y/s1600/Screenshot-http_--www.dnaindia.com - DNA - Daily News & Analysis - Poll result - Mozilla Firefox.png]
[bp2.blogger.com/_mw51ZTNRTiM/RrdO8MDRK7I/AAAAAAAAAJM/wJZeviari3Y/s1600-h/Screenshot-http_--www.dnaindia.com+-+DNA+-+Daily+News+&+Analysis+-+Poll+result+-+Mozilla+Firefox.html]
[localhost/blogs/iLatish/voting-for-wonders-of-the-world/index.html]
[1.bp.blogspot.com/_mw51ZTNRTiM/RpjmHV12mVI/AAAAAAAAAI4/Iv3edsbqZfc/s1600/calvin_war_peace.jpg]
[bp1.blogger.com/_mw51ZTNRTiM/RpjmHV12mVI/AAAAAAAAAI4/Iv3edsbqZfc/s1600-h/calvin_war_peace.html]
[localhost/blogs/iLatish/my-linux-blog/index.html]
[1.bp.blogspot.com/_mw51ZTNRTiM/Rpje7F12mUI/AAAAAAAAAIw/EW9RfA3gFp8/s1600/iphone.jpg]
[bp0.blogger.com/_mw51ZTNRTiM/Rpje7F12mUI/AAAAAAAAAIw/EW9RfA3gFp8/s1600-h/iphone.html]
[localhost/blogs/iLatish/welcome-2007/index.html]
[1.bp.blogspot.com/_mw51ZTNRTiM/RZZrKGc3FJI/AAAAAAAAAAM/2o44O3yhgUY/s1600/ganesh01.gif]
[bp3.blogger.com/_mw51ZTNRTiM/RZZrKGc3FJI/AAAAAAAAAAM/2o44O3yhgUY/s1600-h/ganesh01.html]
[localhost/blogs/iLatish/indexd7d8.html]
[localhost/blogs/iLatish/wp-json/oembed/1.0/embed7d4d]
[localhost/blogs/iLatish/wp-json/wp/v2/posts/150.json]
[localhost/blogs/iLatish/wp-json/wp/v2/posts/146.json]
[localhost/blogs/iLatish/wp-json/wp/v2/posts/136.json]
[localhost/blogs/iLatish/wp-json/wp/v2/posts/131.json]
[localhost/blogs/iLatish/author/latish/page/2/index.html]
[localhost/blogs/iLatish/index5070.html]
[localhost/blogs/iLatish/wp-json/wp/v2/posts/115.json]
[localhost/blogs/iLatish/wp-json/wp/v2/posts/109.json]
[localhost/blogs/iLatish/wp-json/wp/v2/posts/103.json]
[localhost/blogs/iLatish/wp-json/wp/v2/posts/97.json]
[localhost/blogs/iLatish/wp-json/wp/v2/posts/93.json]
[localhost/blogs/iLatish/wp-json/wp/v2/posts/86.json]
[localhost/blogs/iLatish/wp-json/wp/v2/posts/79.json]
[localhost/blogs/iLatish/wp-json/wp/v2/posts/75.json]
[localhost/blogs/iLatish/wp-json/wp/v2/posts/72.json]
[localhost/blogs/iLatish/wp-json/wp/v2/posts/69.json]
[localhost/blogs/iLatish/wp-json/wp/v2/posts/67.json]
[localhost/blogs/iLatish/wp-json/wp/v2/posts/63.json]
[localhost/blogs/iLatish/wp-json/wp/v2/posts/59.json]
[localhost/blogs/iLatish/wp-json/wp/v2/posts/51.json]
[localhost/blogs/iLatish/wp-json/wp/v2/posts/47.json]
[localhost/blogs/iLatish/wp-json/wp/v2/posts/46.json]
[localhost/blogs/iLatish/wp-json/wp/v2/posts/45.json]
[localhost/blogs/iLatish/wp-json/wp/v2/posts/44.json]
[localhost/blogs/iLatish/wp-json/wp/v2/posts/42.json]
[localhost/blogs/iLatish/wp-json/wp/v2/posts/41.json]
[localhost/blogs/iLatish/wp-json/wp/v2/posts/40.json]
[localhost/blogs/iLatish/wp-json/wp/v2/posts/39.json]
[localhost/blogs/iLatish/wp-json/wp/v2/posts/38.json]
[localhost/blogs/iLatish/wp-json/wp/v2/posts/37.json]
[localhost/blogs/iLatish/wp-json/wp/v2/posts/36.json]
[localhost/blogs/iLatish/wp-json/wp/v2/posts/34.json]
[localhost/blogs/iLatish/wp-json/wp/v2/posts/33.json]
[localhost/blogs/iLatish/wp-json/wp/v2/posts/31.json]
[localhost/blogs/iLatish/wp-json/wp/v2/posts/29.json]
[localhost/blogs/iLatish/wp-json/wp/v2/posts/28.json]
[localhost/blogs/iLatish/wp-json/wp/v2/posts/27.json]
[localhost/blogs/iLatish/wp-json/wp/v2/posts/26.json]
[localhost/blogs/iLatish/wp-json/wp/v2/posts/25.json]
[localhost/blogs/iLatish/wp-json/wp/v2/posts/24.json]
[localhost/blogs/iLatish/wp-json/wp/v2/posts/23.json]
[localhost/blogs/iLatish/wp-json/wp/v2/posts/21.json]
[localhost/blogs/iLatish/wp-json/wp/v2/posts/20.json]
[localhost/blogs/iLatish/wp-json/wp/v2/posts/19.json]
[localhost/blogs/iLatish/wp-json/wp/v2/posts/18.json]
[localhost/blogs/iLatish/wp-json/wp/v2/posts/17.json]
[localhost/blogs/iLatish/wp-json/wp/v2/posts/16.json]
[localhost/blogs/iLatish/wp-json/wp/v2/posts/14.json]
[localhost/blogs/iLatish/wp-json/wp/v2/posts/13.json]
[localhost/blogs/iLatish/wp-json/wp/v2/posts/12.json]
[localhost/blogs/iLatish/wp-json/wp/v2/posts/11.json]
[localhost/blogs/iLatish/wp-json/wp/v2/posts/9.json]
[1.bp.blogspot.com/_mw51ZTNRTiM/RZZrKGc3FJI/AAAAAAAAAAM/2o44O3yhgUY/s1600/ganesh01.gif]
[localhost/blogs/iLatish/wp-json/wp/v2/posts/8.json]
[localhost/blogs/iLatish/wp-json/wp/v2/posts/7.json]
[localhost/blogs/iLatish/wp-json/wp/v2/posts/6.json]
[localhost/blogs/iLatish/wp-content/themes/twentyfifteen/genericons/Genericons.svg]
